test:196.084:utl_logging_test:73:log file = /home/hyman/work/process/libutil/test/test.log
test:256.559:utl_logging_test:73:log file = /home/hyman/work/process/libutil/test/test.log
